exports[`Footer renders without crashing 1`] = `
<p>
  Show:
   
  <span>
    All
  </span>
  , 
  <a
    href="#"
    onClick={[Function]}>
    Active
  </a>
  , 
  <a
    href="#"
    onClick={[Function]}>
    Completed
  </a>
</p>
`;
