exports[`Todo calls onClick when clicked 1`] = `
<li
  onClick={[Function]}
  style={
    Object {
      "textDecoration": "none",
    }
  } />
`;

exports[`Todo puts a line through text when completed 1`] = `
<li
  onClick={undefined}
  style={
    Object {
      "textDecoration": "line-through",
    }
  }>
  Test Content
</li>
`;
