exports[`TodoList renders without crashing 1`] = `<ul />`;
