exports[`visibilityFilter reducer should handle SET_VISIBILITY_FILTER 1`] = `"SHOW_ACTIVE"`;
